[LightGBM] [Info] Number of positive: 850, number of negative: 10760
[LightGBM] [Info] Auto-choosing col-wise multi-threading, the overhead of testing was 0.020359 seconds.
You can set `force_col_wise=true` to remove the overhead.
[LightGBM] [Info] Total Bins 1785
[LightGBM] [Info] Number of data points in the train set: 11610, number of used features: 7
[LightGBM] [Info] [binary:BoostFromScore]: pavg=0.500000 -> initscore=0.000000
[LightGBM] [Info] Start training from score 0.000000
[LightGBM] [Info] Number of positive: 1042, number of negative: 10506
[LightGBM] [Info] Auto-choosing col-wise multi-threading, the overhead of testing was 0.001080 seconds.
You can set `force_col_wise=true` to remove the overhead.
[LightGBM] [Info] Total Bins 1785
[LightGBM] [Info] Number of data points in the train set: 11548, number of used features: 7
[LightGBM] [Info] [binary:BoostFromScore]: pavg=0.500000 -> initscore=0.000000
[LightGBM] [Info] Start training from score 0.000000
[LightGBM] [Info] Number of positive: 1063, number of negative: 10481
[LightGBM] [Info] Auto-choosing col-wise multi-threading, the overhead of testing was 0.000803 seconds.
You can set `force_col_wise=true` to remove the overhead.
[LightGBM] [Info] Total Bins 1785
[LightGBM] [Info] Number of data points in the train set: 11544, number of used features: 7
[LightGBM] [Info] [binary:BoostFromScore]: pavg=0.500000 -> initscore=0.000000
[LightGBM] [Info] Start training from score 0.000000
[LightGBM] [Info] Number of positive: 943, number of negative: 10613
[LightGBM] [Info] Auto-choosing col-wise multi-threading, the overhead of testing was 0.000385 seconds.
You can set `force_col_wise=true` to remove the overhead.
[LightGBM] [Info] Total Bins 1785
[LightGBM] [Info] Number of data points in the train set: 11556, number of used features: 7
[LightGBM] [Info] [binary:BoostFromScore]: pavg=0.500000 -> initscore=0.000000
[LightGBM] [Info] Start training from score 0.000000
[LightGBM] [Info] Number of positive: 915, number of negative: 10649
[LightGBM] [Info] Auto-choosing col-wise multi-threading, the overhead of testing was 0.002647 seconds.
You can set `force_col_wise=true` to remove the overhead.
[LightGBM] [Info] Total Bins 1785
[LightGBM] [Info] Number of data points in the train set: 11564, number of used features: 7
[LightGBM] [Info] [binary:BoostFromScore]: pavg=0.500000 -> initscore=0.000000
[LightGBM] [Info] Start training from score 0.000000
[LightGBM] [Info] Number of positive: 1209, number of negative: 13315
[LightGBM] [Info] Auto-choosing col-wise multi-threading, the overhead of testing was 0.003555 seconds.
You can set `force_col_wise=true` to remove the overhead.
[LightGBM] [Info] Total Bins 1785
[LightGBM] [Info] Number of data points in the train set: 14524, number of used features: 7
[LightGBM] [Info] [binary:BoostFromScore]: pavg=0.500000 -> initscore=0.000000
[LightGBM] [Info] Start training from score 0.000000
{
  "task": "hit_rel_1M_10p",
  "rows": 14524,
  "features": 7,
  "cv_folds": 5,
  "cv_auc_roc_mean": 0.520434897439302,
  "cv_auc_pr_mean": 0.08851430876596442,
  "cv_p_at_k_mean": 0.08600000000000001
}
