[LightGBM] [Info] Number of positive: 628, number of negative: 10982
[LightGBM] [Info] Auto-choosing col-wise multi-threading, the overhead of testing was 0.000753 seconds.
You can set `force_col_wise=true` to remove the overhead.
[LightGBM] [Info] Total Bins 1785
[LightGBM] [Info] Number of data points in the train set: 11610, number of used features: 7
[LightGBM] [Info] [binary:BoostFromScore]: pavg=0.500000 -> initscore=0.000000
[LightGBM] [Info] Start training from score 0.000000
[LightGBM] [Info] Number of positive: 941, number of negative: 10607
[LightGBM] [Info] Auto-choosing col-wise multi-threading, the overhead of testing was 0.000400 seconds.
You can set `force_col_wise=true` to remove the overhead.
[LightGBM] [Info] Total Bins 1785
[LightGBM] [Info] Number of data points in the train set: 11548, number of used features: 7
[LightGBM] [Info] [binary:BoostFromScore]: pavg=0.500000 -> initscore=0.000000
[LightGBM] [Info] Start training from score 0.000000
[LightGBM] [Info] Number of positive: 893, number of negative: 10651
[LightGBM] [Info] Auto-choosing col-wise multi-threading, the overhead of testing was 0.000388 seconds.
You can set `force_col_wise=true` to remove the overhead.
[LightGBM] [Info] Total Bins 1785
[LightGBM] [Info] Number of data points in the train set: 11544, number of used features: 7
[LightGBM] [Info] [binary:BoostFromScore]: pavg=0.500000 -> initscore=-0.000000
[LightGBM] [Info] Start training from score -0.000000
[LightGBM] [Info] Number of positive: 833, number of negative: 10723
[LightGBM] [Info] Auto-choosing col-wise multi-threading, the overhead of testing was 0.001413 seconds.
You can set `force_col_wise=true` to remove the overhead.
[LightGBM] [Info] Total Bins 1785
[LightGBM] [Info] Number of data points in the train set: 11556, number of used features: 7
[LightGBM] [Info] [binary:BoostFromScore]: pavg=0.500000 -> initscore=0.000000
[LightGBM] [Info] Start training from score 0.000000
[LightGBM] [Info] Number of positive: 762, number of negative: 10802
[LightGBM] [Info] Auto-choosing col-wise multi-threading, the overhead of testing was 0.000540 seconds.
You can set `force_col_wise=true` to remove the overhead.
[LightGBM] [Info] Total Bins 1785
[LightGBM] [Info] Number of data points in the train set: 11564, number of used features: 7
[LightGBM] [Info] [binary:BoostFromScore]: pavg=0.500000 -> initscore=0.000000
[LightGBM] [Info] Start training from score 0.000000
[LightGBM] [Info] Number of positive: 1023, number of negative: 13501
[LightGBM] [Info] Auto-choosing col-wise multi-threading, the overhead of testing was 0.001221 seconds.
You can set `force_col_wise=true` to remove the overhead.
[LightGBM] [Info] Total Bins 1785
[LightGBM] [Info] Number of data points in the train set: 14524, number of used features: 7
[LightGBM] [Info] [binary:BoostFromScore]: pavg=0.500000 -> initscore=-0.000000
[LightGBM] [Info] Start training from score -0.000000
{
  "task": "hit_rel_3M_20p",
  "rows": 14524,
  "features": 7,
  "cv_folds": 5,
  "cv_auc_roc_mean": 0.5927714624809871,
  "cv_auc_pr_mean": 0.10017136068781489,
  "cv_p_at_k_mean": 0.10600000000000001
}
