[crawl] cookie=ON
[crawl] 2025-08-31 pages=1 rows=50 -> C:\AI\AlphaUltra\data\raw\kabutan\2025-08-31\tdnet.csv
cmd : Traceback (most recent call last):
発生場所 行:1 文字:1
+ cmd /c "$PY scripts\tdnet_ingest.py   --config configs\tdnet.yaml --i ...
+ ~~~~~~~~~~~~~~~~~~~~~~~~~~~~~~~~~~~~~~~~~~~~~~~~~~~~~~~~~~~~~~~~~~~~~
    + CategoryInfo          : NotSpecified: (Traceback (most recent call last)::String) [], RemoteExcep 
   tion
    + FullyQualifiedErrorId : NativeCommandError
 
  File "C:\AI\AlphaUltra_v1\scripts\tdnet_ingest.py", line 117, in <module>
    main()
  File "C:\AI\AlphaUltra_v1\scripts\tdnet_ingest.py", line 94, in main
    for _, r in df.fillna("").to_dict(orient="records"):
        ^^^^
ValueError: too many values to unpack (expected 2)
cmd : [WARN] no tdnet json under data\raw\tdnet
発生場所 行:1 文字:1
+ cmd /c "$PY scripts\tdnet_features.py --config configs\tdnet.yaml"    ...
+ ~~~~~~~~~~~~~~~~~~~~~~~~~~~~~~~~~~~~~~~~~~~~~~~~~~~~~~~~~~~~~~~~~~~~~
    + CategoryInfo          : NotSpecified: ([WARN] no tdnet... data\raw\tdnet:String) [], RemoteExcept 
   ion
    + FullyQualifiedErrorId : NativeCommandError
 
tdnet_features_parquet	False
